select erlang_term_decode('\x836a')
-- select erlang_term_decode('\x8383770665726c616e67');
 erlang_term_decode 
--------------------
 []
(1 row)

