CREATE TABLE slask (id serial, term erlang_term);
INSERT INTO slask (term)
VALUES ('[]'), ('erlang'), ('{tusan, ["vad", "fin" | "t"]}');
INSERT INTO slask (term)
VALUES ('[inte erlang}');
ERROR:  invalid erlang term syntax
LINE 2: VALUES ('[inte erlang}');
                ^
SELECT *
FROM slask;
 id |             term             
----+------------------------------
  1 | []
  2 | erlang
  3 | {tusan, ["vad", "fin", "t"]}
(3 rows)

